Archive member included to satisfy reference by file (symbol)

/Users/daliss/Library/Application Support/stm32cube/bundles/gnu-tools-for-stm32/13.3.1+st.9/bin/../lib/gcc/arm-none-eabi/13.3.1/../../../../arm-none-eabi/lib/thumb/v7-m/nofp/libg_nano.a(libc_a-exit.o)
                              /Users/daliss/Library/Application Support/stm32cube/bundles/gnu-tools-for-stm32/13.3.1+st.9/bin/../lib/gcc/arm-none-eabi/13.3.1/../../../../arm-none-eabi/lib/thumb/v7-m/nofp/crt0.o (exit)
/Users/daliss/Library/Application Support/stm32cube/bundles/gnu-tools-for-stm32/13.3.1+st.9/bin/../lib/gcc/arm-none-eabi/13.3.1/../../../../arm-none-eabi/lib/thumb/v7-m/nofp/libg_nano.a(libc_a-findfp.o)
                              /Users/daliss/Library/Application Support/stm32cube/bundles/gnu-tools-for-stm32/13.3.1+st.9/bin/../lib/gcc/arm-none-eabi/13.3.1/../../../../arm-none-eabi/lib/thumb/v7-m/nofp/libg_nano.a(libc_a-exit.o) (__stdio_exit_handler)
/Users/daliss/Library/Application Support/stm32cube/bundles/gnu-tools-for-stm32/13.3.1+st.9/bin/../lib/gcc/arm-none-eabi/13.3.1/../../../../arm-none-eabi/lib/thumb/v7-m/nofp/libg_nano.a(libc_a-fwalk.o)
                              /Users/daliss/Library/Application Support/stm32cube/bundles/gnu-tools-for-stm32/13.3.1+st.9/bin/../lib/gcc/arm-none-eabi/13.3.1/../../../../arm-none-eabi/lib/thumb/v7-m/nofp/libg_nano.a(libc_a-findfp.o) (_fwalk_sglue)
/Users/daliss/Library/Application Support/stm32cube/bundles/gnu-tools-for-stm32/13.3.1+st.9/bin/../lib/gcc/arm-none-eabi/13.3.1/../../../../arm-none-eabi/lib/thumb/v7-m/nofp/libg_nano.a(libc_a-memset.o)
                              /Users/daliss/Library/Application Support/stm32cube/bundles/gnu-tools-for-stm32/13.3.1+st.9/bin/../lib/gcc/arm-none-eabi/13.3.1/../../../../arm-none-eabi/lib/thumb/v7-m/nofp/crt0.o (memset)
/Users/daliss/Library/Application Support/stm32cube/bundles/gnu-tools-for-stm32/13.3.1+st.9/bin/../lib/gcc/arm-none-eabi/13.3.1/../../../../arm-none-eabi/lib/thumb/v7-m/nofp/libg_nano.a(libc_a-errno.o)
                              CMakeFiles/self-balancing-vehicle.dir/Core/Src/sysmem.c.obj (__errno)
/Users/daliss/Library/Application Support/stm32cube/bundles/gnu-tools-for-stm32/13.3.1+st.9/bin/../lib/gcc/arm-none-eabi/13.3.1/../../../../arm-none-eabi/lib/thumb/v7-m/nofp/libg_nano.a(libc_a-init.o)
                              /Users/daliss/Library/Application Support/stm32cube/bundles/gnu-tools-for-stm32/13.3.1+st.9/bin/../lib/gcc/arm-none-eabi/13.3.1/../../../../arm-none-eabi/lib/thumb/v7-m/nofp/crt0.o (__libc_init_array)
/Users/daliss/Library/Application Support/stm32cube/bundles/gnu-tools-for-stm32/13.3.1+st.9/bin/../lib/gcc/arm-none-eabi/13.3.1/../../../../arm-none-eabi/lib/thumb/v7-m/nofp/libg_nano.a(libc_a-lock.o)
                              /Users/daliss/Library/Application Support/stm32cube/bundles/gnu-tools-for-stm32/13.3.1+st.9/bin/../lib/gcc/arm-none-eabi/13.3.1/../../../../arm-none-eabi/lib/thumb/v7-m/nofp/libg_nano.a(libc_a-findfp.o) (__retarget_lock_init_recursive)
/Users/daliss/Library/Application Support/stm32cube/bundles/gnu-tools-for-stm32/13.3.1+st.9/bin/../lib/gcc/arm-none-eabi/13.3.1/../../../../arm-none-eabi/lib/thumb/v7-m/nofp/libg_nano.a(libc_a-impure.o)
                              /Users/daliss/Library/Application Support/stm32cube/bundles/gnu-tools-for-stm32/13.3.1+st.9/bin/../lib/gcc/arm-none-eabi/13.3.1/../../../../arm-none-eabi/lib/thumb/v7-m/nofp/libg_nano.a(libc_a-errno.o) (_impure_ptr)
/Users/daliss/Library/Application Support/stm32cube/bundles/gnu-tools-for-stm32/13.3.1+st.9/bin/../lib/gcc/arm-none-eabi/13.3.1/../../../../arm-none-eabi/lib/thumb/v7-m/nofp/libg_nano.a(libc_a-mallocr.o)
                              /Users/daliss/Library/Application Support/stm32cube/bundles/gnu-tools-for-stm32/13.3.1+st.9/bin/../lib/gcc/arm-none-eabi/13.3.1/../../../../arm-none-eabi/lib/thumb/v7-m/nofp/libg_nano.a(libc_a-findfp.o) (_malloc_r)
/Users/daliss/Library/Application Support/stm32cube/bundles/gnu-tools-for-stm32/13.3.1+st.9/bin/../lib/gcc/arm-none-eabi/13.3.1/../../../../arm-none-eabi/lib/thumb/v7-m/nofp/libg_nano.a(libc_a-fflush.o)
                              /Users/daliss/Library/Application Support/stm32cube/bundles/gnu-tools-for-stm32/13.3.1+st.9/bin/../lib/gcc/arm-none-eabi/13.3.1/../../../../arm-none-eabi/lib/thumb/v7-m/nofp/libg_nano.a(libc_a-findfp.o) (_fflush_r)
/Users/daliss/Library/Application Support/stm32cube/bundles/gnu-tools-for-stm32/13.3.1+st.9/bin/../lib/gcc/arm-none-eabi/13.3.1/../../../../arm-none-eabi/lib/thumb/v7-m/nofp/libg_nano.a(libc_a-mlock.o)
                              /Users/daliss/Library/Application Support/stm32cube/bundles/gnu-tools-for-stm32/13.3.1+st.9/bin/../lib/gcc/arm-none-eabi/13.3.1/../../../../arm-none-eabi/lib/thumb/v7-m/nofp/libg_nano.a(libc_a-mallocr.o) (__malloc_lock)
[...]
Memory Configuration

Name             Origin             Length             Attributes
RAM              0x20000000         0x00005000         xrw
FLASH            0x08000000         0x00010000         xr
*default*        0x00000000         0xffffffff

Linker script and memory map

LOAD /Users/daliss/Library/Application Support/stm32cube/bundles/gnu-tools-for-stm32/13.3.1+st.9/bin/../lib/gcc/arm-none-eabi/13.3.1/thumb/v7-m/nofp/crti.o
LOAD /Users/daliss/Library/Application Support/stm32cube/bundles/gnu-tools-for-stm32/13.3.1+st.9/bin/../lib/gcc/arm-none-eabi/13.3.1/thumb/v7-m/nofp/crtbegin.o
LOAD /Users/daliss/Library/Application Support/stm32cube/bundles/gnu-tools-for-stm32/13.3.1+st.9/bin/../lib/gcc/arm-none-eabi/13.3.1/../../../../arm-none-eabi/lib/thumb/v7-m/nofp/crt0.o
LOAD cmake/stm32cubemx/CMakeFiles/STM32_Drivers.dir/__/__/Core/Src/system_stm32f1xx.c.obj
LOAD cmake/stm32cubemx/CMakeFiles/STM32_Drivers.dir/__/__/Drivers/STM32F1xx_HAL_Driver/Src/stm32f1xx_hal_gpio_ex.c.obj
LOAD cmake/stm32cubemx/CMakeFiles/STM32_Drivers.dir/__/__/Drivers/STM32F1xx_HAL_Driver/Src/stm32f1xx_hal_i2c.c.obj
LOAD cmake/stm32cubemx/CMakeFiles/STM32_Drivers.dir/__/__/Drivers/STM32F1xx_HAL_Driver/Src/stm32f1xx_hal.c.obj
LOAD cmake/stm32cubemx/CMakeFiles/STM32_Drivers.dir/__/__/Drivers/STM32F1xx_HAL_Driver/Src/stm32f1xx_hal_rcc.c.obj
LOAD cmake/stm32cubemx/CMakeFiles/STM32_Drivers.dir/__/__/Drivers/STM32F1xx_HAL_Driver/Src/stm32f1xx_hal_rcc_ex.c.obj
LOAD cmake/stm32cubemx/CMakeFiles/STM32_Drivers.dir/__/__/Drivers/STM32F1xx_HAL_Driver/Src/stm32f1xx_hal_gpio.c.obj
LOAD cmake/stm32cubemx/CMakeFiles/STM32_Drivers.dir/__/__/Drivers/STM32F1xx_HAL_Driver/Src/stm32f1xx_hal_dma.c.obj
LOAD cmake/stm32cubemx/CMakeFiles/STM32_Drivers.dir/__/__/Drivers/STM32F1xx_HAL_Driver/Src/stm32f1xx_hal_cortex.c.obj
LOAD cmake/stm32cubemx/CMakeFiles/STM32_Drivers.dir/__/__/Drivers/STM32F1xx_HAL_Driver/Src/stm32f1xx_hal_pwr.c.obj
LOAD cmake/stm32cubemx/CMakeFiles/STM32_Drivers.dir/__/__/Drivers/STM32F1xx_HAL_Driver/Src/stm32f1xx_hal_flash.c.obj
LOAD cmake/stm32cubemx/CMakeFiles/STM32_Drivers.dir/__/__/Drivers/STM32F1xx_HAL_Driver/Src/stm32f1xx_hal_flash_ex.c.obj
LOAD cmake/stm32cubemx/CMakeFiles/STM32_Drivers.dir/__/__/Drivers/STM32F1xx_HAL_Driver/Src/stm32f1xx_hal_exti.c.obj
LOAD CMakeFiles/self-balancing-vehicle.dir/Core/Src/main.c.obj
LOAD CMakeFiles/self-balancing-vehicle.dir/Core/Src/gpio.c.obj
LOAD CMakeFiles/self-balancing-vehicle.dir/Core/Src/i2c.c.obj
LOAD CMakeFiles/self-balancing-vehicle.dir/Core/Src/stm32f1xx_it.c.obj
LOAD CMakeFiles/self-balancing-vehicle.dir/Core/Src/stm32f1xx_hal_msp.c.obj
LOAD CMakeFiles/self-balancing-vehicle.dir/Core/Src/sysmem.c.obj
LOAD CMakeFiles/self-balancing-vehicle.dir/Core/Src/syscalls.c.obj
LOAD CMakeFiles/self-balancing-vehicle.dir/startup_stm32f103xb.s.obj
LOAD /Users/daliss/Library/Application Support/stm32cube/bundles/gnu-tools-for-stm32/13.3.1+st.9/bin/../lib/gcc/arm-none-eabi/13.3.1/../../../../arm-none-eabi/lib/thumb/v7-m/nofp/libm.a
START GROUP
LOAD /Users/daliss/Library/Application Support/stm32cube/bundles/gnu-tools-for-stm32/13.3.1+st.9/bin/../lib/gcc/arm-none-eabi/13.3.1/thumb/v7-m/nofp/libgcc.a
LOAD /Users/daliss/Library/Application Support/stm32cube/bundles/gnu-tools-for-stm32/13.3.1+st.9/bin/../lib/gcc/arm-none-eabi/13.3.1/../../../../arm-none-eabi/lib/thumb/v7-m/nofp/libg_nano.a
LOAD /Users/daliss/Library/Application Support/stm32cube/bundles/gnu-tools-for-stm32/13.3.1+st.9/bin/../lib/gcc/arm-none-eabi/13.3.1/../../../../arm-none-eabi/lib/thumb/v7-m/nofp/libc_nano.a
END GROUP
START GROUP
LOAD /Users/daliss/Library/Application Support/stm32cube/bundles/gnu-tools-for-stm32/13.3.1+st.9/bin/../lib/gcc/arm-none-eabi/13.3.1/thumb/v7-m/nofp/libgcc.a
LOAD /Users/daliss/Library/Application Support/stm32cube/bundles/gnu-tools-for-stm32/13.3.1+st.9/bin/../lib/gcc/arm-none-eabi/13.3.1/../../../../arm-none-eabi/lib/thumb/v7-m/nofp/libc_nano.a
END GROUP
LOAD /Users/daliss/Library/Application Support/stm32cube/bundles/gnu-tools-for-stm32/13.3.1+st.9/bin/../lib/gcc/arm-none-eabi/13.3.1/thumb/v7-m/nofp/crtend.o
LOAD /Users/daliss/Library/Application Support/stm32cube/bundles/gnu-tools-for-stm32/13.3.1+st.9/bin/../lib/gcc/arm-none-eabi/13.3.1/thumb/v7-m/nofp/crtn.o
                0x20005000                        _estack = (ORIGIN (RAM) + LENGTH (RAM))
                0x00000200                        _Min_Heap_Size = 0x200
                0x00000400                        _Min_Stack_Size = 0x400

.isr_vector     0x08000000      0x10c
                0x08000000                        . = ALIGN (0x4)
 *(.isr_vector)
 .isr_vector    0x08000000      0x10c CMakeFiles/self-balancing-vehicle.dir/startup_stm32f103xb.s.obj
                0x08000000                g_pfnVectors
                0x0800010c                        . = ALIGN (0x4)

.text           0x0800010c     0x14f8
                0x0800010c                        . = ALIGN (0x4)
 *(.text)
 .text          0x0800010c       0x40 /Users/daliss/Library/Application Support/stm32cube/bundles/gnu-tools-for-stm32/13.3.1+st.9/bin/../lib/gcc/arm-none-eabi/13.3.1/thumb/v7-m/nofp/crtbegin.o
 *(.text*)
 .text.SystemInit
                0x0800014c        0xc cmake/stm32cubemx/CMakeFiles/STM32_Drivers.dir/__/__/Core/Src/system_stm32f1xx.c.obj
                0x0800014c                SystemInit
 .text.HAL_I2C_Init
                0x08000158      0x288 cmake/stm32cubemx/CMakeFiles/STM32_Drivers.dir/__/__/Drivers/STM32F1xx_HAL_Driver/Src/stm32f1xx_hal_i2c.c.obj
                0x08000158                HAL_I2C_Init
 .text.HAL_Init
                0x080003e0       0x2c cmake/stm32cubemx/CMakeFiles/STM32_Drivers.dir/__/__/Drivers/STM32F1xx_HAL_Driver/Src/stm32f1xx_hal.c.obj
                0x080003e0                HAL_Init
 .text.HAL_InitTick
                0x0800040c       0x60 cmake/stm32cubemx/CMakeFiles/STM32_Drivers.dir/__/__/Drivers/STM32F1xx_HAL_Driver/Src/stm32f1xx_hal.c.obj
                0x0800040c                HAL_InitTick
 .text.HAL_IncTick
                0x0800046c       0x24 cmake/stm32cubemx/CMakeFiles/STM32_Drivers.dir/__/__/Drivers/STM32F1xx_HAL_Driver/Src/stm32f1xx_hal.c.obj
                0x0800046c                HAL_IncTick
 .text.HAL_GetTick
                0x08000490       0x14 cmake/stm32cubemx/CMakeFiles/STM32_Drivers.dir/__/__/Drivers/STM32F1xx_HAL_Driver/Src/stm32f1xx_hal.c.obj
                0x08000490                HAL_GetTick
 .text.HAL_Delay
                0x080004a4       0x48 cmake/stm32cubemx/CMakeFiles/STM32_Drivers.dir/__/__/Drivers/STM32F1xx_HAL_Driver/Src/stm32f1xx_hal.c.obj
                0x080004a4                HAL_Delay
 .text.HAL_RCC_OscConfig
                0x080004ec      0x504 cmake/stm32cubemx/CMakeFiles/STM32_Drivers.dir/__/__/Drivers/STM32F1xx_HAL_Driver/Src/stm32f1xx_hal_rcc.c.obj
                0x080004ec                HAL_RCC_OscConfig
 .text.HAL_RCC_ClockConfig
                0x080009f0      0x1d4 cmake/stm32cubemx/CMakeFiles/STM32_Drivers.dir/__/__/Drivers/STM32F1xx_HAL_Driver/Src/stm32f1xx_hal_rcc.c.obj
                0x080009f0                HAL_RCC_ClockConfig
 .text.HAL_RCC_GetSysClockFreq
                0x08000bc4       0xa8 cmake/stm32cubemx/CMakeFiles/STM32_Drivers.dir/__/__/Drivers/STM32F1xx_HAL_Driver/Src/stm32f1xx_hal_rcc.c.obj
                0x08000bc4                HAL_RCC_GetSysClockFreq
 .text.HAL_RCC_GetHCLKFreq
                0x08000c6c       0x14 cmake/stm32cubemx/CMakeFiles/STM32_Drivers.dir/__/__/Drivers/STM32F1xx_HAL_Driver/Src/stm32f1xx_hal_rcc.c.obj
                0x08000c6c                HAL_RCC_GetHCLKFreq
 .text.HAL_RCC_GetPCLK1Freq
                0x08000c80       0x28 cmake/stm32cubemx/CMakeFiles/STM32_Drivers.dir/__/__/Drivers/STM32F1xx_HAL_Driver/Src/stm32f1xx_hal_rcc.c.obj
                0x08000c80                HAL_RCC_GetPCLK1Freq
 .text.RCC_Delay
                0x08000ca8       0x3c cmake/stm32cubemx/CMakeFiles/STM32_Drivers.dir/__/__/Drivers/STM32F1xx_HAL_Driver/Src/stm32f1xx_hal_rcc.c.obj
 .text.HAL_GPIO_Init
                0x08000ce4      0x308 cmake/stm32cubemx/CMakeFiles/STM32_Drivers.dir/__/__/Drivers/STM32F1xx_HAL_Driver/Src/stm32f1xx_hal_gpio.c.obj
                0x08000ce4                HAL_GPIO_Init
 .text.HAL_GPIO_WritePin
                0x08000fec       0x30 cmake/stm32cubemx/CMakeFiles/STM32_Drivers.dir/__/__/Drivers/STM32F1xx_HAL_Driver/Src/stm32f1xx_hal_gpio.c.obj
                0x08000fec                HAL_GPIO_WritePin
 .text.HAL_GPIO_TogglePin
                0x0800101c       0x32 cmake/stm32cubemx/CMakeFiles/STM32_Drivers.dir/__/__/Drivers/STM32F1xx_HAL_Driver/Src/stm32f1xx_hal_gpio.c.obj
                0x0800101c                HAL_GPIO_TogglePin
 *fill*         0x0800104e        0x2 
 .text.__NVIC_SetPriorityGrouping
                0x08001050       0x48 cmake/stm32cubemx/CMakeFiles/STM32_Drivers.dir/__/__/Drivers/STM32F1xx_HAL_Driver/Src/stm32f1xx_hal_cortex.c.obj
 .text.__NVIC_GetPriorityGrouping
                0x08001098       0x1c cmake/stm32cubemx/CMakeFiles/STM32_Drivers.dir/__/__/Drivers/STM32F1xx_HAL_Driver/Src/stm32f1xx_hal_cortex.c.obj
 .text.__NVIC_SetPriority
                0x080010b4       0x54 cmake/stm32cubemx/CMakeFiles/STM32_Drivers.dir/__/__/Drivers/STM32F1xx_HAL_Driver/Src/stm32f1xx_hal_cortex.c.obj
 .text.NVIC_EncodePriority
                0x08001108       0x64 cmake/stm32cubemx/CMakeFiles/STM32_Drivers.dir/__/__/Drivers/STM32F1xx_HAL_Driver/Src/stm32f1xx_hal_cortex.c.obj
 .text.SysTick_Config
                0x0800116c       0x44 cmake/stm32cubemx/CMakeFiles/STM32_Drivers.dir/__/__/Drivers/STM32F1xx_HAL_Driver/Src/stm32f1xx_hal_cortex.c.obj
 .text.HAL_NVIC_SetPriorityGrouping
                0x080011b0       0x16 cmake/stm32cubemx/CMakeFiles/STM32_Drivers.dir/__/__/Drivers/STM32F1xx_HAL_Driver/Src/stm32f1xx_hal_cortex.c.obj
                0x080011b0                HAL_NVIC_SetPriorityGrouping
 .text.HAL_NVIC_SetPriority
                0x080011c6       0x38 cmake/stm32cubemx/CMakeFiles/STM32_Drivers.dir/__/__/Drivers/STM32F1xx_HAL_Driver/Src/stm32f1xx_hal_cortex.c.obj
                0x080011c6                HAL_NVIC_SetPriority
 .text.HAL_SYSTICK_Config
                0x080011fe       0x18 cmake/stm32cubemx/CMakeFiles/STM32_Drivers.dir/__/__/Drivers/STM32F1xx_HAL_Driver/Src/stm32f1xx_hal_cortex.c.obj
                0x080011fe                HAL_SYSTICK_Config
 *fill*         0x08001216        0x2 
 .text.main     0x08001218       0x30 CMakeFiles/self-balancing-vehicle.dir/Core/Src/main.c.obj
                0x08001218                main
 .text.SystemClock_Config
                0x08001248       0x8a CMakeFiles/self-balancing-vehicle.dir/Core/Src/main.c.obj
                0x08001248                SystemClock_Config
 .text.Error_Handler
                0x080012d2        0xc CMakeFiles/self-balancing-vehicle.dir/Core/Src/main.c.obj
                0x080012d2                Error_Handler
 *fill*         0x080012de        0x2 
 .text.MX_GPIO_Init
                0x080012e0       0xb0 CMakeFiles/self-balancing-vehicle.dir/Core/Src/gpio.c.obj
                0x080012e0                MX_GPIO_Init
 .text.MX_I2C1_Init
                0x08001390       0x5c CMakeFiles/self-balancing-vehicle.dir/Core/Src/i2c.c.obj
                0x08001390                MX_I2C1_Init
 .text.HAL_I2C_MspInit
                0x080013ec       0xa0 CMakeFiles/self-balancing-vehicle.dir/Core/Src/i2c.c.obj
                0x080013ec                HAL_I2C_MspInit
 .text.NMI_Handler
                0x0800148c        0x8 CMakeFiles/self-balancing-vehicle.dir/Core/Src/stm32f1xx_it.c.obj
                0x0800148c                NMI_Handler
 .text.HardFault_Handler
                0x08001494        0x8 CMakeFiles/self-balancing-vehicle.dir/Core/Src/stm32f1xx_it.c.obj
                0x08001494                HardFault_Handler
 .text.MemManage_Handler
                0x0800149c        0x8 CMakeFiles/self-balancing-vehicle.dir/Core/Src/stm32f1xx_it.c.obj
                0x0800149c                MemManage_Handler
 .text.BusFault_Handler
                0x080014a4        0x8 CMakeFiles/self-balancing-vehicle.dir/Core/Src/stm32f1xx_it.c.obj
                0x080014a4                BusFault_Handler
 .text.UsageFault_Handler
                0x080014ac        0x8 CMakeFiles/self-balancing-vehicle.dir/Core/Src/stm32f1xx_it.c.obj
                0x080014ac                UsageFault_Handler
 .text.SVC_Handler
                0x080014b4        0xc CMakeFiles/self-balancing-vehicle.dir/Core/Src/stm32f1xx_it.c.obj
                0x080014b4                SVC_Handler
 .text.DebugMon_Handler
                0x080014c0        0xc CMakeFiles/self-balancing-vehicle.dir/Core/Src/stm32f1xx_it.c.obj
                0x080014c0                DebugMon_Handler
 .text.PendSV_Handler
                0x080014cc        0xc CMakeFiles/self-balancing-vehicle.dir/Core/Src/stm32f1xx_it.c.obj
                0x080014cc                PendSV_Handler
 .text.SysTick_Handler
                0x080014d8        0xc CMakeFiles/self-balancing-vehicle.dir/Core/Src/stm32f1xx_it.c.obj
                0x080014d8                SysTick_Handler
 .text.HAL_MspInit
                0x080014e4       0x64 CMakeFiles/self-balancing-vehicle.dir/Core/Src/stm32f1xx_hal_msp.c.obj
                0x080014e4                HAL_MspInit
 .text.Reset_Handler
                0x08001548       0x48 CMakeFiles/self-balancing-vehicle.dir/startup_stm32f103xb.s.obj
                0x08001548                Reset_Handler
 .text.Default_Handler
                0x08001590        0x2 CMakeFiles/self-balancing-vehicle.dir/startup_stm32f103xb.s.obj
                0x08001590                USBWakeUp_IRQHandler
                0x08001590                EXTI2_IRQHandler
                0x08001590                TIM1_CC_IRQHandler
                0x08001590                PVD_IRQHandler
                0x08001590                EXTI3_IRQHandler
                0x08001590                EXTI0_IRQHandler
                0x08001590                I2C2_EV_IRQHandler
                0x08001590                ADC1_2_IRQHandler
                0x08001590                SPI1_IRQHandler
                0x08001590                TAMPER_IRQHandler
                0x08001590                DMA1_Channel4_IRQHandler
                0x08001590                USART3_IRQHandler
                0x08001590                RTC_IRQHandler
                0x08001590                DMA1_Channel7_IRQHandler
                0x08001590                CAN1_RX1_IRQHandler
                0x08001590                TIM4_IRQHandler
                0x08001590                I2C1_EV_IRQHandler
                0x08001590                DMA1_Channel6_IRQHandler
                0x08001590                TIM3_IRQHandler
                0x08001590                RCC_IRQHandler
                0x08001590                TIM1_TRG_COM_IRQHandler
                0x08001590                DMA1_Channel1_IRQHandler
                0x08001590                Default_Handler
                0x08001590                EXTI15_10_IRQHandler
                0x08001590                EXTI9_5_IRQHandler
                0x08001590                SPI2_IRQHandler
                0x08001590                DMA1_Channel5_IRQHandler
                0x08001590                EXTI4_IRQHandler
                0x08001590                USB_LP_CAN1_RX0_IRQHandler
                0x08001590                USB_HP_CAN1_TX_IRQHandler
                0x08001590                DMA1_Channel3_IRQHandler
                0x08001590                TIM1_UP_IRQHandler
                0x08001590                WWDG_IRQHandler
                0x08001590                TIM2_IRQHandler
                0x08001590                TIM1_BRK_IRQHandler
                0x08001590                EXTI1_IRQHandler
                0x08001590                USART2_IRQHandler
                0x08001590                I2C2_ER_IRQHandler
                0x08001590                DMA1_Channel2_IRQHandler
                0x08001590                CAN1_SCE_IRQHandler
                0x08001590                FLASH_IRQHandler
                0x08001590                USART1_IRQHandler
                0x08001590                I2C1_ER_IRQHandler
                0x08001590                RTC_Alarm_IRQHandler
 .text.memset   0x08001592       0x10 /Users/daliss/Library/Application Support/stm32cube/bundles/gnu-tools-for-stm32/13.3.1+st.9/bin/../lib/gcc/arm-none-eabi/13.3.1/../../../../arm-none-eabi/lib/thumb/v7-m/nofp/libg_nano.a(libc_a-memset.o)
                0x08001592                memset
 *fill*         0x080015a2        0x2 
 .text.__libc_init_array
                0x080015a4       0x48 /Users/daliss/Library/Application Support/stm32cube/bundles/gnu-tools-for-stm32/13.3.1+st.9/bin/../lib/gcc/arm-none-eabi/13.3.1/../../../../arm-none-eabi/lib/thumb/v7-m/nofp/libg_nano.a(libc_a-init.o)
                0x080015a4                __libc_init_array
 *(.glue_7)
 .glue_7        0x080015ec        0x0 linker stubs
 *(.glue_7t)
 .glue_7t       0x080015ec        0x0 linker stubs
 *(.eh_frame)
 .eh_frame      0x080015ec        0x0 /Users/daliss/Library/Application Support/stm32cube/bundles/gnu-tools-for-stm32/13.3.1+st.9/bin/../lib/gcc/arm-none-eabi/13.3.1/thumb/v7-m/nofp/crtbegin.o
 *(.init)
 .init          0x080015ec        0x4 /Users/daliss/Library/Application Support/stm32cube/bundles/gnu-tools-for-stm32/13.3.1+st.9/bin/../lib/gcc/arm-none-eabi/13.3.1/thumb/v7-m/nofp/crti.o
                0x080015ec                _init
 .init          0x080015f0        0x8 /Users/daliss/Library/Application Support/stm32cube/bundles/gnu-tools-for-stm32/13.3.1+st.9/bin/../lib/gcc/arm-none-eabi/13.3.1/thumb/v7-m/nofp/crtn.o
 *(.fini)
 .fini          0x080015f8        0x4 /Users/daliss/Library/Application Support/stm32cube/bundles/gnu-tools-for-stm32/13.3.1+st.9/bin/../lib/gcc/arm-none-eabi/13.3.1/thumb/v7-m/nofp/crti.o
                0x080015f8                _fini
 .fini          0x080015fc        0x8 /Users/daliss/Library/Application Support/stm32cube/bundles/gnu-tools-for-stm32/13.3.1+st.9/bin/../lib/gcc/arm-none-eabi/13.3.1/thumb/v7-m/nofp/crtn.o
                0x08001604                        . = ALIGN (0x4)
                0x08001604                        _etext = .

.vfp11_veneer   0x08001604        0x0
 .vfp11_veneer  0x08001604        0x0 linker stubs

.v4_bx          0x08001604        0x0
 .v4_bx         0x08001604        0x0 linker stubs

.iplt           0x08001604        0x0
 .iplt          0x08001604        0x0 /Users/daliss/Library/Application Support/stm32cube/bundles/gnu-tools-for-stm32/13.3.1+st.9/bin/../lib/gcc/arm-none-eabi/13.3.1/thumb/v7-m/nofp/crtbegin.o

.rodata         0x08001604       0x2c
                0x08001604                        . = ALIGN (0x4)
 *(.rodata)
 *(.rodata*)
 .rodata.AHBPrescTable
                0x08001604       0x10 cmake/stm32cubemx/CMakeFiles/STM32_Drivers.dir/__/__/Core/Src/system_stm32f1xx.c.obj
                0x08001604                AHBPrescTable
 .rodata.APBPrescTable
                0x08001614        0x8 cmake/stm32cubemx/CMakeFiles/STM32_Drivers.dir/__/__/Core/Src/system_stm32f1xx.c.obj
                0x08001614                APBPrescTable
 .rodata.aPLLMULFactorTable.1
                0x0800161c       0x10 cmake/stm32cubemx/CMakeFiles/STM32_Drivers.dir/__/__/Drivers/STM32F1xx_HAL_Driver/Src/stm32f1xx_hal_rcc.c.obj
 .rodata.aPredivFactorTable.0
                0x0800162c        0x2 cmake/stm32cubemx/CMakeFiles/STM32_Drivers.dir/__/__/Drivers/STM32F1xx_HAL_Driver/Src/stm32f1xx_hal_rcc.c.obj
                0x08001630                        . = ALIGN (0x4)
 *fill*         0x0800162e        0x2 

.ARM.extab      0x08001630        0x0
                0x08001630                        . = ALIGN (0x4)
 *(.ARM.extab* .gnu.linkonce.armextab.*)
                0x08001630                        . = ALIGN (0x4)

.ARM            0x08001630        0x0
                0x08001630                        . = ALIGN (0x4)
                0x08001630                        __exidx_start = .
 *(.ARM.exidx*)
                0x08001630                        __exidx_end = .
                0x08001630                        . = ALIGN (0x4)

.preinit_array  0x08001630        0x0
                0x08001630                        . = ALIGN (0x4)
                0x08001630                        PROVIDE (__preinit_array_start = .)
 *(.preinit_array*)
                0x08001630                        PROVIDE (__preinit_array_end = .)
                0x08001630                        . = ALIGN (0x4)

.init_array     0x08001630        0x4
                0x08001630                        . = ALIGN (0x4)
                0x08001630                        PROVIDE (__init_array_start = .)
 *(SORT_BY_NAME(.init_array.*))
 *(.init_array*)
 .init_array    0x08001630        0x4 /Users/daliss/Library/Application Support/stm32cube/bundles/gnu-tools-for-stm32/13.3.1+st.9/bin/../lib/gcc/arm-none-eabi/13.3.1/thumb/v7-m/nofp/crtbegin.o
                0x08001634                        PROVIDE (__init_array_end = .)
                0x08001634                        . = ALIGN (0x4)

.fini_array     0x08001634        0x4
                0x08001634                        . = ALIGN (0x4)
                [!provide]                        PROVIDE (__fini_array_start = .)
 *(SORT_BY_NAME(.fini_array.*))
 *(.fini_array*)
 .fini_array    0x08001634        0x4 /Users/daliss/Library/Application Support/stm32cube/bundles/gnu-tools-for-stm32/13.3.1+st.9/bin/../lib/gcc/arm-none-eabi/13.3.1/thumb/v7-m/nofp/crtbegin.o
                [!provide]                        PROVIDE (__fini_array_end = .)
                0x08001638                        . = ALIGN (0x4)
                0x08001638                        _sidata = LOADADDR (.data)

.rel.dyn        0x08001638        0x0
 .rel.iplt      0x08001638        0x0 /Users/daliss/Library/Application Support/stm32cube/bundles/gnu-tools-for-stm32/13.3.1+st.9/bin/../lib/gcc/arm-none-eabi/13.3.1/thumb/v7-m/nofp/crtbegin.o

.data           0x20000000        0xc load address 0x08001638
                0x20000000                        . = ALIGN (0x4)
                0x20000000                        _sdata = .
 *(.data)
 *(.data*)
 .data.SystemCoreClock
                0x20000000        0x4 cmake/stm32cubemx/CMakeFiles/STM32_Drivers.dir/__/__/Core/Src/system_stm32f1xx.c.obj
                0x20000000                SystemCoreClock
 .data.uwTickPrio
                0x20000004        0x4 cmake/stm32cubemx/CMakeFiles/STM32_Drivers.dir/__/__/Drivers/STM32F1xx_HAL_Driver/Src/stm32f1xx_hal.c.obj
                0x20000004                uwTickPrio
 .data.uwTickFreq
                0x20000008        0x1 cmake/stm32cubemx/CMakeFiles/STM32_Drivers.dir/__/__/Drivers/STM32F1xx_HAL_Driver/Src/stm32f1xx_hal.c.obj
                0x20000008                uwTickFreq
 *(.RamFunc)
 *(.RamFunc*)
                0x2000000c                        . = ALIGN (0x4)
 *fill*         0x20000009        0x3 

.igot.plt       0x2000000c        0x0 load address 0x08001644
 .igot.plt      0x2000000c        0x0 /Users/daliss/Library/Application Support/stm32cube/bundles/gnu-tools-for-stm32/13.3.1+st.9/bin/../lib/gcc/arm-none-eabi/13.3.1/thumb/v7-m/nofp/crtbegin.o

.tdata          0x2000000c        0x0 load address 0x08001644
 *(.tdata .tdata.* .gnu.linkonce.td.*)
                0x2000000c                        . = ALIGN (0x4)
                0x2000000c                        _edata = .
                [!provide]                        PROVIDE (__data_end = .)
                [!provide]                        PROVIDE (__tdata_end = .)
                [!provide]                        PROVIDE (__tdata_start = ADDR (.tdata))
                [!provide]                        PROVIDE (__tdata_size = (__tdata_end - __tdata_start))
                [!provide]                        PROVIDE (__data_start = ADDR (.data))
                [!provide]                        PROVIDE (__data_size = (__data_end - __data_start))
                [!provide]                        PROVIDE (__tdata_source = LOADADDR (.tdata))
                [!provide]                        PROVIDE (__tdata_source_end = (LOADADDR (.tdata) + SIZEOF (.tdata)))
                [!provide]                        PROVIDE (__tdata_source_size = (__tdata_source_end - __tdata_source))
                [!provide]                        PROVIDE (__data_source = LOADADDR (.data))
                [!provide]                        PROVIDE (__data_source_end = __tdata_source_end)
                [!provide]                        PROVIDE (__data_source_size = (__data_source_end - __data_source))

.tbss           0x2000000c        0x0 load address 0x08001644
                0x2000000c                        _sbss = .
                0x2000000c                        __bss_start__ = _sbss
 *(.tbss .tbss.*)
                0x2000000c                        . = ALIGN (0x4)
                [!provide]                        PROVIDE (__tbss_end = .)
                [!provide]                        PROVIDE (__tbss_start = ADDR (.tbss))
                [!provide]                        PROVIDE (__tbss_size = (__tbss_end - __tbss_start))
                [!provide]                        PROVIDE (__tbss_offset = (ADDR (.tbss) - ADDR (.tdata)))
                [!provide]                        PROVIDE (__tls_base = __tdata_start)
                [!provide]                        PROVIDE (__tls_end = __tbss_end)
                [!provide]                        PROVIDE (__tls_size = (__tls_end - __tls_base))
                [!provide]                        PROVIDE (__tls_align = MAX (ALIGNOF (.tdata), ALIGNOF (.tbss)))
                [!provide]                        PROVIDE (__tls_size_align = (((__tls_size + __tls_align) - 0x1) & ~ ((__tls_align - 0x1))))
                [!provide]                        PROVIDE (__arm32_tls_tcb_offset = MAX (0x8, __tls_align))
                [!provide]                        PROVIDE (__arm64_tls_tcb_offset = MAX (0x10, __tls_align))

.bss            0x2000000c       0x74 load address 0x08001644
 *(.bss)
 .bss           0x2000000c       0x1c /Users/daliss/Library/Application Support/stm32cube/bundles/gnu-tools-for-stm32/13.3.1+st.9/bin/../lib/gcc/arm-none-eabi/13.3.1/thumb/v7-m/nofp/crtbegin.o
 *(.bss*)
 .bss.uwTick    0x20000028        0x4 cmake/stm32cubemx/CMakeFiles/STM32_Drivers.dir/__/__/Drivers/STM32F1xx_HAL_Driver/Src/stm32f1xx_hal.c.obj
                0x20000028                uwTick
 .bss.hi2c1     0x2000002c       0x54 CMakeFiles/self-balancing-vehicle.dir/Core/Src/i2c.c.obj
                0x2000002c                hi2c1
 *(COMMON)
                0x20000080                        . = ALIGN (0x4)
                0x20000080                        _ebss = .
                0x20000080                        __bss_end__ = _ebss
                [!provide]                        PROVIDE (__bss_end = .)
                [!provide]                        PROVIDE (__non_tls_bss_start = ADDR (.bss))
                [!provide]                        PROVIDE (__bss_start = __tbss_start)
                [!provide]                        PROVIDE (__bss_size = (__bss_end - __bss_start))

._user_heap_stack
                0x20000080      0x600 load address 0x08001644
                0x20000080                        . = ALIGN (0x8)
                [!provide]                        PROVIDE (end = .)
                0x20000080                        PROVIDE (_end = .)
                0x20000280                        . = (. + _Min_Heap_Size)
 *fill*         0x20000080      0x200 
                0x20000680                        . = (. + _Min_Stack_Size)
 *fill*         0x20000280      0x400 
                0x20000680                        . = ALIGN (0x8)

/DISCARD/
 libc.a:*(*)
 libm.a:*(*)
 libgcc.a:*(*)
OUTPUT(self-balancing-vehicle.elf elf32-littlearm)
LOAD linker stubs

.ARM.attributes
                0x00000000       0x29
 .ARM.attributes
                0x00000000       0x1d /Users/daliss/Library/Application Support/stm32cube/bundles/gnu-tools-for-stm32/13.3.1+st.9/bin/../lib/gcc/arm-none-eabi/13.3.1/thumb/v7-m/nofp/crti.o
 .ARM.attributes
                0x0000001d       0x2d /Users/daliss/Library/Application Support/stm32cube/bundles/gnu-tools-for-stm32/13.3.1+st.9/bin/../lib/gcc/arm-none-eabi/13.3.1/thumb/v7-m/nofp/crtbegin.o
 .ARM.attributes
                0x0000004a       0x2d cmake/stm32cubemx/CMakeFiles/STM32_Drivers.dir/__/__/Core/Src/system_stm32f1xx.c.obj
 .ARM.attributes
                0x00000077       0x2d cmake/stm32cubemx/CMakeFiles/STM32_Drivers.dir/__/__/Drivers/STM32F1xx_HAL_Driver/Src/stm32f1xx_hal_i2c.c.obj
 .ARM.attributes
                0x000000a4       0x2d cmake/stm32cubemx/CMakeFiles/STM32_Drivers.dir/__/__/Drivers/STM32F1xx_HAL_Driver/Src/stm32f1xx_hal.c.obj
 .ARM.attributes
                0x000000d1       0x2d cmake/stm32cubemx/CMakeFiles/STM32_Drivers.dir/__/__/Drivers/STM32F1xx_HAL_Driver/Src/stm32f1xx_hal_rcc.c.obj
 .ARM.attributes
                0x000000fe       0x2d cmake/stm32cubemx/CMakeFiles/STM32_Drivers.dir/__/__/Drivers/STM32F1xx_HAL_Driver/Src/stm32f1xx_hal_gpio.c.obj
 .ARM.attributes
                0x0000012b       0x2d cmake/stm32cubemx/CMakeFiles/STM32_Drivers.dir/__/__/Drivers/STM32F1xx_HAL_Driver/Src/stm32f1xx_hal_cortex.c.obj
 .ARM.attributes
                0x00000158       0x2d CMakeFiles/self-balancing-vehicle.dir/Core/Src/main.c.obj
 .ARM.attributes
                0x00000185       0x2d CMakeFiles/self-balancing-vehicle.dir/Core/Src/gpio.c.obj
 .ARM.attributes
                0x000001b2       0x2d CMakeFiles/self-balancing-vehicle.dir/Core/Src/i2c.c.obj
 .ARM.attributes
                0x000001df       0x2d CMakeFiles/self-balancing-vehicle.dir/Core/Src/stm32f1xx_it.c.obj
 .ARM.attributes
                0x0000020c       0x2d CMakeFiles/self-balancing-vehicle.dir/Core/Src/stm32f1xx_hal_msp.c.obj
 .ARM.attributes
                0x00000239       0x21 CMakeFiles/self-balancing-vehicle.dir/startup_stm32f103xb.s.obj
 .ARM.attributes
                0x0000025a       0x2d /Users/daliss/Library/Application Support/stm32cube/bundles/gnu-tools-for-stm32/13.3.1+st.9/bin/../lib/gcc/arm-none-eabi/13.3.1/../../../../arm-none-eabi/lib/thumb/v7-m/nofp/libg_nano.a(libc_a-memset.o)
 .ARM.attributes
                0x00000287       0x2d /Users/daliss/Library/Application Support/stm32cube/bundles/gnu-tools-for-stm32/13.3.1+st.9/bin/../lib/gcc/arm-none-eabi/13.3.1/../../../../arm-none-eabi/lib/thumb/v7-m/nofp/libg_nano.a(libc_a-init.o)
 .ARM.attributes
                0x000002b4       0x1d /Users/daliss/Library/Application Support/stm32cube/bundles/gnu-tools-for-stm32/13.3.1+st.9/bin/../lib/gcc/arm-none-eabi/13.3.1/thumb/v7-m/nofp/crtn.o

.comment        0x00000000       0x43
 .comment       0x00000000       0x43 cmake/stm32cubemx/CMakeFiles/STM32_Drivers.dir/__/__/Core/Src/system_stm32f1xx.c.obj
                                 0x44 (size before relaxing)
 .comment       0x00000043        0x0 cmake/stm32cubemx/CMakeFiles/STM32_Drivers.dir/__/__/Drivers/STM32F1xx_HAL_Driver/Src/stm32f1xx_hal_i2c.c.obj
                                 0x44 (size before relaxing)
 .comment       0x00000043        0x0 cmake/stm32cubemx/CMakeFiles/STM32_Drivers.dir/__/__/Drivers/STM32F1xx_HAL_Driver/Src/stm32f1xx_hal.c.obj
                                 0x44 (size before relaxing)
 .comment       0x00000043        0x0 cmake/stm32cubemx/CMakeFiles/STM32_Drivers.dir/__/__/Drivers/STM32F1xx_HAL_Driver/Src/stm32f1xx_hal_rcc.c.obj
                                 0x44 (size before relaxing)
 .comment       0x00000043        0x0 cmake/stm32cubemx/CMakeFiles/STM32_Drivers.dir/__/__/Drivers/STM32F1xx_HAL_Driver/Src/stm32f1xx_hal_gpio.c.obj
                                 0x44 (size before relaxing)
 .comment       0x00000043        0x0 cmake/stm32cubemx/CMakeFiles/STM32_Drivers.dir/__/__/Drivers/STM32F1xx_HAL_Driver/Src/stm32f1xx_hal_cortex.c.obj
                                 0x44 (size before relaxing)
 .comment       0x00000043        0x0 CMakeFiles/self-balancing-vehicle.dir/Core/Src/main.c.obj
                                 0x44 (size before relaxing)
 .comment       0x00000043        0x0 CMakeFiles/self-balancing-vehicle.dir/Core/Src/gpio.c.obj
                                 0x44 (size before relaxing)
 .comment       0x00000043        0x0 CMakeFiles/self-balancing-vehicle.dir/Core/Src/i2c.c.obj
                                 0x44 (size before relaxing)
 .comment       0x00000043        0x0 CMakeFiles/self-balancing-vehicle.dir/Core/Src/stm32f1xx_it.c.obj
                                 0x44 (size before relaxing)
 .comment       0x00000043        0x0 CMakeFiles/self-balancing-vehicle.dir/Core/Src/stm32f1xx_hal_msp.c.obj
                                 0x44 (size before relaxing)
 .comment       0x00000043        0x0 /Users/daliss/Library/Application Support/stm32cube/bundles/gnu-tools-for-stm32/13.3.1+st.9/bin/../lib/gcc/arm-none-eabi/13.3.1/../../../../arm-none-eabi/lib/thumb/v7-m/nofp/libg_nano.a(libc_a-memset.o)
                                 0x44 (size before relaxing)
 .comment       0x00000043        0x0 /Users/daliss/Library/Application Support/stm32cube/bundles/gnu-tools-for-stm32/13.3.1+st.9/bin/../lib/gcc/arm-none-eabi/13.3.1/../../../../arm-none-eabi/lib/thumb/v7-m/nofp/libg_nano.a(libc_a-init.o)
                                 0x44 (size before relaxing)

.debug_info     0x00000000     0x5a02
 .debug_info    0x00000000      0x222 cmake/stm32cubemx/CMakeFiles/STM32_Drivers.dir/__/__/Core/Src/system_stm32f1xx.c.obj
 .debug_info    0x00000222     0x2524 cmake/stm32cubemx/CMakeFiles/STM32_Drivers.dir/__/__/Drivers/STM32F1xx_HAL_Driver/Src/stm32f1xx_hal_i2c.c.obj
 .debug_info    0x00002746      0x704 cmake/stm32cubemx/CMakeFiles/STM32_Drivers.dir/__/__/Drivers/STM32F1xx_HAL_Driver/Src/stm32f1xx_hal.c.obj
 .debug_info    0x00002e4a      0x7d5 cmake/stm32cubemx/CMakeFiles/STM32_Drivers.dir/__/__/Drivers/STM32F1xx_HAL_Driver/Src/stm32f1xx_hal_rcc.c.obj
 .debug_info    0x0000361f      0x5ab cmake/stm32cubemx/CMakeFiles/STM32_Drivers.dir/__/__/Drivers/STM32F1xx_HAL_Driver/Src/stm32f1xx_hal_gpio.c.obj
 .debug_info    0x00003bca      0xa87 cmake/stm32cubemx/CMakeFiles/STM32_Drivers.dir/__/__/Drivers/STM32F1xx_HAL_Driver/Src/stm32f1xx_hal_cortex.c.obj
 .debug_info    0x00004651      0x346 CMakeFiles/self-balancing-vehicle.dir/Core/Src/main.c.obj
 .debug_info    0x00004997      0x2d3 CMakeFiles/self-balancing-vehicle.dir/Core/Src/gpio.c.obj
 .debug_info    0x00004c6a      0x879 CMakeFiles/self-balancing-vehicle.dir/Core/Src/i2c.c.obj
 .debug_info    0x000054e3      0x113 CMakeFiles/self-balancing-vehicle.dir/Core/Src/stm32f1xx_it.c.obj
 .debug_info    0x000055f6      0x1f1 CMakeFiles/self-balancing-vehicle.dir/Core/Src/stm32f1xx_hal_msp.c.obj
 .debug_info    0x000057e7       0x30 CMakeFiles/self-balancing-vehicle.dir/startup_stm32f103xb.s.obj
 .debug_info    0x00005817       0xe0 /Users/daliss/Library/Application Support/stm32cube/bundles/gnu-tools-for-stm32/13.3.1+st.9/bin/../lib/gcc/arm-none-eabi/13.3.1/../../../../arm-none-eabi/lib/thumb/v7-m/nofp/libg_nano.a(libc_a-memset.o)
 .debug_info    0x000058f7      0x10b /Users/daliss/Library/Application Support/stm32cube/bundles/gnu-tools-for-stm32/13.3.1+st.9/bin/../lib/gcc/arm-none-eabi/13.3.1/../../../../arm-none-eabi/lib/thumb/v7-m/nofp/libg_nano.a(libc_a-init.o)

.debug_abbrev   0x00000000     0x1538
 .debug_abbrev  0x00000000      0x13f cmake/stm32cubemx/CMakeFiles/STM32_Drivers.dir/__/__/Core/Src/system_stm32f1xx.c.obj
 .debug_abbrev  0x0000013f      0x2a3 cmake/stm32cubemx/CMakeFiles/STM32_Drivers.dir/__/__/Drivers/STM32F1xx_HAL_Driver/Src/stm32f1xx_hal_i2c.c.obj
 .debug_abbrev  0x000003e2      0x201 cmake/stm32cubemx/CMakeFiles/STM32_Drivers.dir/__/__/Drivers/STM32F1xx_HAL_Driver/Src/stm32f1xx_hal.c.obj
 .debug_abbrev  0x000005e3      0x2b3 cmake/stm32cubemx/CMakeFiles/STM32_Drivers.dir/__/__/Drivers/STM32F1xx_HAL_Driver/Src/stm32f1xx_hal_rcc.c.obj
 .debug_abbrev  0x00000896      0x1ca cmake/stm32cubemx/CMakeFiles/STM32_Drivers.dir/__/__/Drivers/STM32F1xx_HAL_Driver/Src/stm32f1xx_hal_gpio.c.obj
 .debug_abbrev  0x00000a60      0x2f8 cmake/stm32cubemx/CMakeFiles/STM32_Drivers.dir/__/__/Drivers/STM32F1xx_HAL_Driver/Src/stm32f1xx_hal_cortex.c.obj
 .debug_abbrev  0x00000d58      0x1d9 CMakeFiles/self-balancing-vehicle.dir/Core/Src/main.c.obj
 .debug_abbrev  0x00000f31      0x13f CMakeFiles/self-balancing-vehicle.dir/Core/Src/gpio.c.obj
 .debug_abbrev  0x00001070      0x1ef CMakeFiles/self-balancing-vehicle.dir/Core/Src/i2c.c.obj
 .debug_abbrev  0x0000125f       0x73 CMakeFiles/self-balancing-vehicle.dir/Core/Src/stm32f1xx_it.c.obj
 .debug_abbrev  0x000012d2       0xdb CMakeFiles/self-balancing-vehicle.dir/Core/Src/stm32f1xx_hal_msp.c.obj
 .debug_abbrev  0x000013ad       0x24 CMakeFiles/self-balancing-vehicle.dir/startup_stm32f103xb.s.obj
 .debug_abbrev  0x000013d1       0x9e /Users/daliss/Library/Application Support/stm32cube/bundles/gnu-tools-for-stm32/13.3.1+st.9/bin/../lib/gcc/arm-none-eabi/13.3.1/../../../../arm-none-eabi/lib/thumb/v7-m/nofp/libg_nano.a(libc_a-memset.o)
 .debug_abbrev  0x0000146f       0xc9 /Users/daliss/Library/Application Support/stm32cube/bundles/gnu-tools-for-stm32/13.3.1+st.9/bin/../lib/gcc/arm-none-eabi/13.3.1/../../../../arm-none-eabi/lib/thumb/v7-m/nofp/libg_nano.a(libc_a-init.o)

.debug_aranges  0x00000000      0x700
 .debug_aranges
                0x00000000       0x28 cmake/stm32cubemx/CMakeFiles/STM32_Drivers.dir/__/__/Core/Src/system_stm32f1xx.c.obj
 .debug_aranges
                0x00000028      0x2a8 cmake/stm32cubemx/CMakeFiles/STM32_Drivers.dir/__/__/Drivers/STM32F1xx_HAL_Driver/Src/stm32f1xx_hal_i2c.c.obj
 .debug_aranges
                0x000002d0       0xe0 cmake/stm32cubemx/CMakeFiles/STM32_Drivers.dir/__/__/Drivers/STM32F1xx_HAL_Driver/Src/stm32f1xx_hal.c.obj
 .debug_aranges
                0x000003b0       0x90 cmake/stm32cubemx/CMakeFiles/STM32_Drivers.dir/__/__/Drivers/STM32F1xx_HAL_Driver/Src/stm32f1xx_hal_rcc.c.obj
 .debug_aranges
                0x00000440       0x58 cmake/stm32cubemx/CMakeFiles/STM32_Drivers.dir/__/__/Drivers/STM32F1xx_HAL_Driver/Src/stm32f1xx_hal_gpio.c.obj
 .debug_aranges
                0x00000498      0x100 cmake/stm32cubemx/CMakeFiles/STM32_Drivers.dir/__/__/Drivers/STM32F1xx_HAL_Driver/Src/stm32f1xx_hal_cortex.c.obj
 .debug_aranges
                0x00000598       0x30 CMakeFiles/self-balancing-vehicle.dir/Core/Src/main.c.obj
 .debug_aranges
                0x000005c8       0x20 CMakeFiles/self-balancing-vehicle.dir/Core/Src/gpio.c.obj
 .debug_aranges
                0x000005e8       0x30 CMakeFiles/self-balancing-vehicle.dir/Core/Src/i2c.c.obj
 .debug_aranges
                0x00000618       0x60 CMakeFiles/self-balancing-vehicle.dir/Core/Src/stm32f1xx_it.c.obj
 .debug_aranges
                0x00000678       0x20 CMakeFiles/self-balancing-vehicle.dir/Core/Src/stm32f1xx_hal_msp.c.obj
 .debug_aranges
                0x00000698       0x28 CMakeFiles/self-balancing-vehicle.dir/startup_stm32f103xb.s.obj
 .debug_aranges
                0x000006c0       0x20 /Users/daliss/Library/Application Support/stm32cube/bundles/gnu-tools-for-stm32/13.3.1+st.9/bin/../lib/gcc/arm-none-eabi/13.3.1/../../../../arm-none-eabi/lib/thumb/v7-m/nofp/libg_nano.a(libc_a-memset.o)
 .debug_aranges
                0x000006e0       0x20 /Users/daliss/Library/Application Support/stm32cube/bundles/gnu-tools-for-stm32/13.3.1+st.9/bin/../lib/gcc/arm-none-eabi/13.3.1/../../../../arm-none-eabi/lib/thumb/v7-m/nofp/libg_nano.a(libc_a-init.o)

.debug_rnglists
                0x00000000      0x548
 .debug_rnglists
                0x00000000       0x1a cmake/stm32cubemx/CMakeFiles/STM32_Drivers.dir/__/__/Core/Src/system_stm32f1xx.c.obj
 .debug_rnglists
                0x0000001a      0x23c cmake/stm32cubemx/CMakeFiles/STM32_Drivers.dir/__/__/Drivers/STM32F1xx_HAL_Driver/Src/stm32f1xx_hal_i2c.c.obj
 .debug_rnglists
                0x00000256       0xa3 cmake/stm32cubemx/CMakeFiles/STM32_Drivers.dir/__/__/Drivers/STM32F1xx_HAL_Driver/Src/stm32f1xx_hal.c.obj
 .debug_rnglists
                0x000002f9       0x6c cmake/stm32cubemx/CMakeFiles/STM32_Drivers.dir/__/__/Drivers/STM32F1xx_HAL_Driver/Src/stm32f1xx_hal_rcc.c.obj
 .debug_rnglists
                0x00000365       0x3f cmake/stm32cubemx/CMakeFiles/STM32_Drivers.dir/__/__/Drivers/STM32F1xx_HAL_Driver/Src/stm32f1xx_hal_gpio.c.obj
 .debug_rnglists
                0x000003a4       0xbb cmake/stm32cubemx/CMakeFiles/STM32_Drivers.dir/__/__/Drivers/STM32F1xx_HAL_Driver/Src/stm32f1xx_hal_cortex.c.obj
 .debug_rnglists
                0x0000045f       0x20 CMakeFiles/self-balancing-vehicle.dir/Core/Src/main.c.obj
 .debug_rnglists
                0x0000047f       0x14 CMakeFiles/self-balancing-vehicle.dir/Core/Src/gpio.c.obj
 .debug_rnglists
                0x00000493       0x20 CMakeFiles/self-balancing-vehicle.dir/Core/Src/i2c.c.obj
 .debug_rnglists
                0x000004b3       0x43 CMakeFiles/self-balancing-vehicle.dir/Core/Src/stm32f1xx_it.c.obj
 .debug_rnglists
                0x000004f6       0x13 CMakeFiles/self-balancing-vehicle.dir/Core/Src/stm32f1xx_hal_msp.c.obj
 .debug_rnglists
                0x00000509       0x19 CMakeFiles/self-balancing-vehicle.dir/startup_stm32f103xb.s.obj
 .debug_rnglists
                0x00000522       0x13 /Users/daliss/Library/Application Support/stm32cube/bundles/gnu-tools-for-stm32/13.3.1+st.9/bin/../lib/gcc/arm-none-eabi/13.3.1/../../../../arm-none-eabi/lib/thumb/v7-m/nofp/libg_nano.a(libc_a-memset.o)
 .debug_rnglists
                0x00000535       0x13 /Users/daliss/Library/Application Support/stm32cube/bundles/gnu-tools-for-stm32/13.3.1+st.9/bin/../lib/gcc/arm-none-eabi/13.3.1/../../../../arm-none-eabi/lib/thumb/v7-m/nofp/libg_nano.a(libc_a-init.o)

.debug_macro    0x00000000    0x16171
 .debug_macro   0x00000000      0x18e cmake/stm32cubemx/CMakeFiles/STM32_Drivers.dir/__/__/Core/Src/system_stm32f1xx.c.obj
 .debug_macro   0x0000018e      0xacc cmake/stm32cubemx/CMakeFiles/STM32_Drivers.dir/__/__/Core/Src/system_stm32f1xx.c.obj
 .debug_macro   0x00000c5a       0x2e cmake/stm32cubemx/CMakeFiles/STM32_Drivers.dir/__/__/Core/Src/system_stm32f1xx.c.obj
 .debug_macro   0x00000c88       0x22 cmake/stm32cubemx/CMakeFiles/STM32_Drivers.dir/__/__/Core/Src/system_stm32f1xx.c.obj
 .debug_macro   0x00000caa       0x22 cmake/stm32cubemx/CMakeFiles/STM32_Drivers.dir/__/__/Core/Src/system_stm32f1xx.c.obj
 .debug_macro   0x00000ccc       0x8e cmake/stm32cubemx/CMakeFiles/STM32_Drivers.dir/__/__/Core/Src/system_stm32f1xx.c.obj
 .debug_macro   0x00000d5a       0x51 cmake/stm32cubemx/CMakeFiles/STM32_Drivers.dir/__/__/Core/Src/system_stm32f1xx.c.obj
 .debug_macro   0x00000dab      0x103 cmake/stm32cubemx/CMakeFiles/STM32_Drivers.dir/__/__/Core/Src/system_stm32f1xx.c.obj
 .debug_macro   0x00000eae       0x6a cmake/stm32cubemx/CMakeFiles/STM32_Drivers.dir/__/__/Core/Src/system_stm32f1xx.c.obj
 .debug_macro   0x00000f18      0x1df cmake/stm32cubemx/CMakeFiles/STM32_Drivers.dir/__/__/Core/Src/system_stm32f1xx.c.obj
 .debug_macro   0x000010f7       0x1c cmake/stm32cubemx/CMakeFiles/STM32_Drivers.dir/__/__/Core/Src/system_stm32f1xx.c.obj
 .debug_macro   0x00001113       0x22 cmake/stm32cubemx/CMakeFiles/STM32_Drivers.dir/__/__/Core/Src/system_stm32f1xx.c.obj
 .debug_macro   0x00001135       0xbd cmake/stm32cubemx/CMakeFiles/STM32_Drivers.dir/__/__/Core/Src/system_stm32f1xx.c.obj
 .debug_macro   0x000011f2      0xd23 cmake/stm32cubemx/CMakeFiles/STM32_Drivers.dir/__/__/Core/Src/system_stm32f1xx.c.obj
 .debug_macro   0x00001f15     0xe09e cmake/stm32cubemx/CMakeFiles/STM32_Drivers.dir/__/__/Core/Src/system_stm32f1xx.c.obj
 .debug_macro   0x0000ffb3       0x6d cmake/stm32cubemx/CMakeFiles/STM32_Drivers.dir/__/__/Core/Src/system_stm32f1xx.c.obj
 .debug_macro   0x00010020      0x215 cmake/stm32cubemx/CMakeFiles/STM32_Drivers.dir/__/__/Core/Src/system_stm32f1xx.c.obj
 .debug_macro   0x00010235     0x34a2 cmake/stm32cubemx/CMakeFiles/STM32_Drivers.dir/__/__/Core/Src/system_stm32f1xx.c.obj
 .debug_macro   0x000136d7      0x190 cmake/stm32cubemx/CMakeFiles/STM32_Drivers.dir/__/__/Core/Src/system_stm32f1xx.c.obj
 .debug_macro   0x00013867       0x5c cmake/stm32cubemx/CMakeFiles/STM32_Drivers.dir/__/__/Core/Src/system_stm32f1xx.c.obj
 .debug_macro   0x000138c3      0x5bc cmake/stm32cubemx/CMakeFiles/STM32_Drivers.dir/__/__/Core/Src/system_stm32f1xx.c.obj
 .debug_macro   0x00013e7f      0x289 cmake/stm32cubemx/CMakeFiles/STM32_Drivers.dir/__/__/Core/Src/system_stm32f1xx.c.obj
 .debug_macro   0x00014108      0x1cb cmake/stm32cubemx/CMakeFiles/STM32_Drivers.dir/__/__/Core/Src/system_stm32f1xx.c.obj
 .debug_macro   0x000142d3      0x114 cmake/stm32cubemx/CMakeFiles/STM32_Drivers.dir/__/__/Core/Src/system_stm32f1xx.c.obj
 .debug_macro   0x000143e7      0x1b2 cmake/stm32cubemx/CMakeFiles/STM32_Drivers.dir/__/__/Core/Src/system_stm32f1xx.c.obj
 .debug_macro   0x00014599       0x27 cmake/stm32cubemx/CMakeFiles/STM32_Drivers.dir/__/__/Core/Src/system_stm32f1xx.c.obj
 .debug_macro   0x000145c0      0x136 cmake/stm32cubemx/CMakeFiles/STM32_Drivers.dir/__/__/Core/Src/system_stm32f1xx.c.obj
 .debug_macro   0x000146f6      0x1bc cmake/stm32cubemx/CMakeFiles/STM32_Drivers.dir/__/__/Core/Src/system_stm32f1xx.c.obj
 .debug_macro   0x000148b2       0x34 cmake/stm32cubemx/CMakeFiles/STM32_Drivers.dir/__/__/Core/Src/system_stm32f1xx.c.obj
 .debug_macro   0x000148e6       0x3c cmake/stm32cubemx/CMakeFiles/STM32_Drivers.dir/__/__/Core/Src/system_stm32f1xx.c.obj
 .debug_macro   0x00014922       0x57 cmake/stm32cubemx/CMakeFiles/STM32_Drivers.dir/__/__/Core/Src/system_stm32f1xx.c.obj
 .debug_macro   0x00014979       0x87 cmake/stm32cubemx/CMakeFiles/STM32_Drivers.dir/__/__/Core/Src/system_stm32f1xx.c.obj
 .debug_macro   0x00014a00      0x240 cmake/stm32cubemx/CMakeFiles/STM32_Drivers.dir/__/__/Core/Src/system_stm32f1xx.c.obj
 .debug_macro   0x00014c40      0x287 cmake/stm32cubemx/CMakeFiles/STM32_Drivers.dir/__/__/Core/Src/system_stm32f1xx.c.obj
 .debug_macro   0x00014ec7      0x140 cmake/stm32cubemx/CMakeFiles/STM32_Drivers.dir/__/__/Core/Src/system_stm32f1xx.c.obj
 .debug_macro   0x00015007       0x83 cmake/stm32cubemx/CMakeFiles/STM32_Drivers.dir/__/__/Core/Src/system_stm32f1xx.c.obj
 .debug_macro   0x0001508a      0x1dc cmake/stm32cubemx/CMakeFiles/STM32_Drivers.dir/__/__/Drivers/STM32F1xx_HAL_Driver/Src/stm32f1xx_hal_i2c.c.obj
 .debug_macro   0x00015266      0x1b2 cmake/stm32cubemx/CMakeFiles/STM32_Drivers.dir/__/__/Drivers/STM32F1xx_HAL_Driver/Src/stm32f1xx_hal.c.obj
 .debug_macro   0x00015418      0x1a0 cmake/stm32cubemx/CMakeFiles/STM32_Drivers.dir/__/__/Drivers/STM32F1xx_HAL_Driver/Src/stm32f1xx_hal_rcc.c.obj
 .debug_macro   0x000155b8      0x1f9 cmake/stm32cubemx/CMakeFiles/STM32_Drivers.dir/__/__/Drivers/STM32F1xx_HAL_Driver/Src/stm32f1xx_hal_gpio.c.obj
 .debug_macro   0x000157b1      0x18e cmake/stm32cubemx/CMakeFiles/STM32_Drivers.dir/__/__/Drivers/STM32F1xx_HAL_Driver/Src/stm32f1xx_hal_cortex.c.obj
 .debug_macro   0x0001593f      0x1b4 CMakeFiles/self-balancing-vehicle.dir/Core/Src/main.c.obj
 .debug_macro   0x00015af3      0x1a2 CMakeFiles/self-balancing-vehicle.dir/Core/Src/gpio.c.obj
 .debug_macro   0x00015c95      0x1a2 CMakeFiles/self-balancing-vehicle.dir/Core/Src/i2c.c.obj
 .debug_macro   0x00015e37      0x1a2 CMakeFiles/self-balancing-vehicle.dir/Core/Src/stm32f1xx_it.c.obj
 .debug_macro   0x00015fd9      0x198 CMakeFiles/self-balancing-vehicle.dir/Core/Src/stm32f1xx_hal_msp.c.obj

.debug_line     0x00000000     0x9e10
 .debug_line    0x00000000      0x7f8 cmake/stm32cubemx/CMakeFiles/STM32_Drivers.dir/__/__/Core/Src/system_stm32f1xx.c.obj
 .debug_line    0x000007f8     0x3c26 cmake/stm32cubemx/CMakeFiles/STM32_Drivers.dir/__/__/Drivers/STM32F1xx_HAL_Driver/Src/stm32f1xx_hal_i2c.c.obj
 .debug_line    0x0000441e      0xa29 cmake/stm32cubemx/CMakeFiles/STM32_Drivers.dir/__/__/Drivers/STM32F1xx_HAL_Driver/Src/stm32f1xx_hal.c.obj
 .debug_line    0x00004e47      0xee2 cmake/stm32cubemx/CMakeFiles/STM32_Drivers.dir/__/__/Drivers/STM32F1xx_HAL_Driver/Src/stm32f1xx_hal_rcc.c.obj
 .debug_line    0x00005d29      0xa86 cmake/stm32cubemx/CMakeFiles/STM32_Drivers.dir/__/__/Drivers/STM32F1xx_HAL_Driver/Src/stm32f1xx_hal_gpio.c.obj
 .debug_line    0x000067af      0xbf3 cmake/stm32cubemx/CMakeFiles/STM32_Drivers.dir/__/__/Drivers/STM32F1xx_HAL_Driver/Src/stm32f1xx_hal_cortex.c.obj
 .debug_line    0x000073a2      0x804 CMakeFiles/self-balancing-vehicle.dir/Core/Src/main.c.obj
 .debug_line    0x00007ba6      0x789 CMakeFiles/self-balancing-vehicle.dir/Core/Src/gpio.c.obj
 .debug_line    0x0000832f      0x7e4 CMakeFiles/self-balancing-vehicle.dir/Core/Src/i2c.c.obj
 .debug_line    0x00008b13      0x828 CMakeFiles/self-balancing-vehicle.dir/Core/Src/stm32f1xx_it.c.obj
 .debug_line    0x0000933b      0x77a CMakeFiles/self-balancing-vehicle.dir/Core/Src/stm32f1xx_hal_msp.c.obj
 .debug_line    0x00009ab5       0x78 CMakeFiles/self-balancing-vehicle.dir/startup_stm32f103xb.s.obj
 .debug_line    0x00009b2d      0x17e /Users/daliss/Library/Application Support/stm32cube/bundles/gnu-tools-for-stm32/13.3.1+st.9/bin/../lib/gcc/arm-none-eabi/13.3.1/../../../../arm-none-eabi/lib/thumb/v7-m/nofp/libg_nano.a(libc_a-memset.o)
 .debug_line    0x00009cab      0x165 /Users/daliss/Library/Application Support/stm32cube/bundles/gnu-tools-for-stm32/13.3.1+st.9/bin/../lib/gcc/arm-none-eabi/13.3.1/../../../../arm-none-eabi/lib/thumb/v7-m/nofp/libg_nano.a(libc_a-init.o)

.debug_str      0x00000000    0x7eb21
 .debug_str     0x00000000    0x7eb21 cmake/stm32cubemx/CMakeFiles/STM32_Drivers.dir/__/__/Core/Src/system_stm32f1xx.c.obj
                              0x7c735 (size before relaxing)
 .debug_str     0x0007eb21        0x0 cmake/stm32cubemx/CMakeFiles/STM32_Drivers.dir/__/__/Drivers/STM32F1xx_HAL_Driver/Src/stm32f1xx_hal_i2c.c.obj
                              0x7d7fc (size before relaxing)
 .debug_str     0x0007eb21        0x0 cmake/stm32cubemx/CMakeFiles/STM32_Drivers.dir/__/__/Drivers/STM32F1xx_HAL_Driver/Src/stm32f1xx_hal.c.obj
                              0x7ce68 (size before relaxing)
 .debug_str     0x0007eb21        0x0 cmake/stm32cubemx/CMakeFiles/STM32_Drivers.dir/__/__/Drivers/STM32F1xx_HAL_Driver/Src/stm32f1xx_hal_rcc.c.obj
                              0x7cb64 (size before relaxing)
 .debug_str     0x0007eb21        0x0 cmake/stm32cubemx/CMakeFiles/STM32_Drivers.dir/__/__/Drivers/STM32F1xx_HAL_Driver/Src/stm32f1xx_hal_gpio.c.obj
                              0x7cabb (size before relaxing)
 .debug_str     0x0007eb21        0x0 cmake/stm32cubemx/CMakeFiles/STM32_Drivers.dir/__/__/Drivers/STM32F1xx_HAL_Driver/Src/stm32f1xx_hal_cortex.c.obj
                              0x7cdb4 (size before relaxing)
 .debug_str     0x0007eb21        0x0 CMakeFiles/self-balancing-vehicle.dir/Core/Src/main.c.obj
                              0x7c8a1 (size before relaxing)
 .debug_str     0x0007eb21        0x0 CMakeFiles/self-balancing-vehicle.dir/Core/Src/gpio.c.obj
                              0x7c782 (size before relaxing)
 .debug_str     0x0007eb21        0x0 CMakeFiles/self-balancing-vehicle.dir/Core/Src/i2c.c.obj
                              0x7cc6a (size before relaxing)
 .debug_str     0x0007eb21        0x0 CMakeFiles/self-balancing-vehicle.dir/Core/Src/stm32f1xx_it.c.obj
                              0x7c71f (size before relaxing)
 .debug_str     0x0007eb21        0x0 CMakeFiles/self-balancing-vehicle.dir/Core/Src/stm32f1xx_hal_msp.c.obj
                              0x7c70a (size before relaxing)
 .debug_str     0x0007eb21        0x0 CMakeFiles/self-balancing-vehicle.dir/startup_stm32f103xb.s.obj
                                 0xd2 (size before relaxing)
 .debug_str     0x0007eb21        0x0 /Users/daliss/Library/Application Support/stm32cube/bundles/gnu-tools-for-stm32/13.3.1+st.9/bin/../lib/gcc/arm-none-eabi/13.3.1/../../../../arm-none-eabi/lib/thumb/v7-m/nofp/libg_nano.a(libc_a-memset.o)
                                0x209 (size before relaxing)
 .debug_str     0x0007eb21        0x0 /Users/daliss/Library/Application Support/stm32cube/bundles/gnu-tools-for-stm32/13.3.1+st.9/bin/../lib/gcc/arm-none-eabi/13.3.1/../../../../arm-none-eabi/lib/thumb/v7-m/nofp/libg_nano.a(libc_a-init.o)
                                0x26a (size before relaxing)

.debug_frame    0x00000000     0x1a34
 .debug_frame   0x00000000       0x58 cmake/stm32cubemx/CMakeFiles/STM32_Drivers.dir/__/__/Core/Src/system_stm32f1xx.c.obj
 .debug_frame   0x00000058      0xc84 cmake/stm32cubemx/CMakeFiles/STM32_Drivers.dir/__/__/Drivers/STM32F1xx_HAL_Driver/Src/stm32f1xx_hal_i2c.c.obj
 .debug_frame   0x00000cdc      0x334 cmake/stm32cubemx/CMakeFiles/STM32_Drivers.dir/__/__/Drivers/STM32F1xx_HAL_Driver/Src/stm32f1xx_hal.c.obj
 .debug_frame   0x00001010      0x218 cmake/stm32cubemx/CMakeFiles/STM32_Drivers.dir/__/__/Drivers/STM32F1xx_HAL_Driver/Src/stm32f1xx_hal_rcc.c.obj
 .debug_frame   0x00001228      0x14c cmake/stm32cubemx/CMakeFiles/STM32_Drivers.dir/__/__/Drivers/STM32F1xx_HAL_Driver/Src/stm32f1xx_hal_gpio.c.obj
 .debug_frame   0x00001374      0x428 cmake/stm32cubemx/CMakeFiles/STM32_Drivers.dir/__/__/Drivers/STM32F1xx_HAL_Driver/Src/stm32f1xx_hal_cortex.c.obj
 .debug_frame   0x0000179c       0x68 CMakeFiles/self-balancing-vehicle.dir/Core/Src/main.c.obj
 .debug_frame   0x00001804       0x34 CMakeFiles/self-balancing-vehicle.dir/Core/Src/gpio.c.obj
 .debug_frame   0x00001838       0x74 CMakeFiles/self-balancing-vehicle.dir/Core/Src/i2c.c.obj
 .debug_frame   0x000018ac      0x104 CMakeFiles/self-balancing-vehicle.dir/Core/Src/stm32f1xx_it.c.obj
 .debug_frame   0x000019b0       0x38 CMakeFiles/self-balancing-vehicle.dir/Core/Src/stm32f1xx_hal_msp.c.obj
 .debug_frame   0x000019e8       0x20 /Users/daliss/Library/Application Support/stm32cube/bundles/gnu-tools-for-stm32/13.3.1+st.9/bin/../lib/gcc/arm-none-eabi/13.3.1/../../../../arm-none-eabi/lib/thumb/v7-m/nofp/libg_nano.a(libc_a-memset.o)
 .debug_frame   0x00001a08       0x2c /Users/daliss/Library/Application Support/stm32cube/bundles/gnu-tools-for-stm32/13.3.1+st.9/bin/../lib/gcc/arm-none-eabi/13.3.1/../../../../arm-none-eabi/lib/thumb/v7-m/nofp/libg_nano.a(libc_a-init.o)

.debug_line_str
                0x00000000       0xb6
 .debug_line_str
                0x00000000       0xb6 CMakeFiles/self-balancing-vehicle.dir/startup_stm32f103xb.s.obj

.debug_loclists
                0x00000000       0x6f
 .debug_loclists
                0x00000000       0x3b /Users/daliss/Library/Application Support/stm32cube/bundles/gnu-tools-for-stm32/13.3.1+st.9/bin/../lib/gcc/arm-none-eabi/13.3.1/../../../../arm-none-eabi/lib/thumb/v7-m/nofp/libg_nano.a(libc_a-memset.o)
 .debug_loclists
                0x0000003b       0x34 /Users/daliss/Library/Application Support/stm32cube/bundles/gnu-tools-for-stm32/13.3.1+st.9/bin/../lib/gcc/arm-none-eabi/13.3.1/../../../../arm-none-eabi/lib/thumb/v7-m/nofp/libg_nano.a(libc_a-init.o)
